// Jest Snapshot v1, https://goo.gl/fbAQLP

exports[`bar chart component matches snapshot 1`] = `
<canvas
  data-testid="canvas"
  height={150}
  onClick={[Function]}
  role="img"
  width={300}
/>
`;
