// Jest Snapshot v1, https://goo.gl/fbAQLP

exports[`search toolbar component matches snapshot 1`] = `null`;
