// Jest Snapshot v1, https://goo.gl/fbAQLP

exports[`containerization page matches snapshot 1`] = `
<div>
  <div
    className="MuiPaper-root MuiAppBar-root MuiAppBar-positionStatic MuiAppBar-colorPrimary Containerization-secondaryBar-1 MuiPaper-elevation0"
    style={
      Object {
        "backgroundColor": "#18202c",
      }
    }
  >
    <div
      className="MuiToolbar-root MuiToolbar-regular MuiToolbar-gutters"
    >
      <div
        className="MuiGrid-root MuiGrid-container MuiGrid-spacing-xs-1 MuiGrid-align-items-xs-center"
      >
        <div
          className="MuiGrid-root MuiGrid-item MuiGrid-grid-xs-true"
        >
          <h1
            className="MuiTypography-root MuiTypography-h5 MuiTypography-colorInherit"
          >
            Containerization
          </h1>
        </div>
      </div>
    </div>
  </div>
  <div
    className="Containerization-wrapper-2"
  >
    <div
      className="MuiPaper-root Containerization-paper-3 MuiPaper-elevation1 MuiPaper-rounded"
    >
      <h4
        className="MuiTypography-root Containerization-title-4 MuiTypography-h4 MuiTypography-gutterBottom"
      >
        Dockerizing Data Services
      </h4>
      <h6
        className="MuiTypography-root Containerization-subtitle-5 MuiTypography-h6 MuiTypography-gutterBottom"
      >
        Deploying API services on Heroku using Heroku CLI
      </h6>
      <p
        className="MuiTypography-root Containerization-text-6 MuiTypography-body1 MuiTypography-gutterBottom"
      >
        Docker image available on 
        <a
          className="MuiTypography-root MuiLink-root MuiLink-underlineHover MuiTypography-colorPrimary"
          onBlur={[Function]}
          onFocus={[Function]}
          to="https://hub.docker.com/r/ronyx/perseus-data-service"
        >
           Docker Hub
        </a>
      </p>
      <hr
        className="MuiDivider-root Containerization-divider-7"
      />
      <span
        className="MuiTypography-root MuiTypography-body1"
      >
        <b>
          Build and run docker image locally:
        </b>
         
        <br />
        <br />
      </span>
      <p
        className="MuiTypography-root Containerization-text-6 MuiTypography-body1 MuiTypography-gutterBottom"
      >
        <code>
           $ docker build -t ronyx/perseus-data-service:latest .
        </code>
        <br />
        <code>
           $ docker run -it -p 5000:5000 ronyx/perseus-data-service:latest 
        </code>
         
        <br />
        <br />
      </p>
      <span
        className="MuiTypography-root MuiTypography-body1"
      >
        <b>
          Deploying the application on Heroku:
        </b>
         
        <br />
        <br />
      </span>
      <p
        className="MuiTypography-root Containerization-text-6 MuiTypography-body1 MuiTypography-gutterBottom"
      >
        If you haven't already, log in to your Heroku account and follow the prompts to create a new SSH public key using the following
        <code>
           heroku-cli
        </code>
         command.
        <br />
        <br />
      </p>
      <code>
        $ heroku login
      </code>
       
      <br />
      <br />
      <p
        className="MuiTypography-root Containerization-text-6 MuiTypography-body1 MuiTypography-gutterBottom"
      >
        Once logged in, create an application and connect remote repository to local codebase.
        <br />
        <br />
      </p>
      <code>
        $ heroku create perseus-data-service
      </code>
      <br />
      <br />
      <code>
        $ git init
      </code>
      <br />
      <br />
      <code>
        $ heroku git:remote -a perseus-data-service
      </code>
      <br />
      <br />
      <p
        className="MuiTypography-root Containerization-text-6 MuiTypography-body1 MuiTypography-gutterBottom"
      >
        Commit local codebase to the remote repository.
        <br />
        <br />
      </p>
      <code>
        $ git add .
      </code>
      <br />
      <br />
      <code>
        $ git commit -m "deployment data service: v1.0"
      </code>
      <br />
      <br />
      <p
        className="MuiTypography-root Containerization-text-6 MuiTypography-body1 MuiTypography-gutterBottom"
      >
        Create 
        <code>
          heroku.yml
        </code>
         file in the root directory.
        <br />
        <br />
      </p>
      <code>
        # heroku.yml
      </code>
      <br />
      <br />
      <code>
        build:
      </code>
      <br />
      <code>
         ...  docker:
      </code>
      <br />
      <code>
           ...  ...  web: Dockerfile
      </code>
      <br />
      <br />
      <p
        className="MuiTypography-root Containerization-text-6 MuiTypography-body1 MuiTypography-gutterBottom"
      >
        Stack container to your heroku's applications dyno and push local commit changes..
        <br />
        <br />
      </p>
      <code>
        $ heroku stack:set container
      </code>
      <br />
      <br />
      <code>
        $ git push heroku master
      </code>
      <br />
      <br />
      <hr
        className="MuiDivider-root Containerization-divider-7"
      />
      <p
        className="MuiTypography-root Containerization-text-6 MuiTypography-body1 MuiTypography-gutterBottom"
      >
        Access the backend services running live on 
        <a
          href="https://perseus-data-service.herokuapp.com"
        >
          <code>
            <b>
              Heroku
            </b>
          </code>
        </a>
        <br />
        <br />
      </p>
    </div>
  </div>
</div>
`;
