// Jest Snapshot v1, https://goo.gl/fbAQLP

exports[`nav link component matches snapshot 1`] = `
<a
  href="/url"
  onClick={[Function]}
>
  <div
    aria-disabled={false}
    className="MuiButtonBase-root MuiListItem-root makeStyles-item-1 MuiListItem-gutters MuiListItem-button"
    onBlur={[Function]}
    onDragLeave={[Function]}
    onFocus={[Function]}
    onKeyDown={[Function]}
    onKeyUp={[Function]}
    onMouseDown={[Function]}
    onMouseLeave={[Function]}
    onMouseUp={[Function]}
    onTouchEnd={[Function]}
    onTouchMove={[Function]}
    onTouchStart={[Function]}
    role="button"
    tabIndex={0}
  >
    <div
      className="MuiListItemIcon-root makeStyles-itemIcon-4"
    >
      icon
    </div>
    <div
      className="MuiListItemText-root"
    >
      <span
        className="MuiTypography-root MuiListItemText-primary makeStyles-itemPrimary-3 MuiTypography-body1 MuiTypography-displayBlock"
      >
        id
      </span>
    </div>
  </div>
</a>
`;
