// Jest Snapshot v1, https://goo.gl/fbAQLP

exports[`summary panel component matches snapshot 1`] = `
<div
  className="MuiPaper-root MuiAccordion-root MuiAccordion-rounded MuiPaper-elevation1 MuiPaper-rounded"
>
  <div
    aria-disabled={false}
    aria-expanded={false}
    className="MuiButtonBase-root MuiAccordionSummary-root"
    onBlur={[Function]}
    onClick={[Function]}
    onDragLeave={[Function]}
    onFocus={[Function]}
    onKeyDown={[Function]}
    onKeyUp={[Function]}
    onMouseDown={[Function]}
    onMouseLeave={[Function]}
    onMouseUp={[Function]}
    onTouchEnd={[Function]}
    onTouchMove={[Function]}
    onTouchStart={[Function]}
    role="button"
    tabIndex={0}
  >
    <div
      className="MuiAccordionSummary-content"
    >
      <p
        className="MuiTypography-root makeStyles-heading-1 MuiTypography-body1"
      >
        undefined, undefined
      </p>
    </div>
    <div
      aria-disabled={false}
      aria-hidden={true}
      className="MuiButtonBase-root MuiIconButton-root MuiAccordionSummary-expandIcon MuiIconButton-edgeEnd"
      onBlur={[Function]}
      onDragLeave={[Function]}
      onFocus={[Function]}
      onKeyDown={[Function]}
      onKeyUp={[Function]}
      onMouseDown={[Function]}
      onMouseLeave={[Function]}
      onMouseUp={[Function]}
      onTouchEnd={[Function]}
      onTouchMove={[Function]}
      onTouchStart={[Function]}
      role={null}
      tabIndex={null}
    >
      <span
        className="MuiIconButton-label"
      >
        <svg
          aria-hidden={true}
          className="MuiSvgIcon-root"
          focusable="false"
          viewBox="0 0 24 24"
        >
          <path
            d="M16.59 8.59L12 13.17 7.41 8.59 6 10l6 6 6-6z"
          />
        </svg>
      </span>
    </div>
  </div>
  <div
    className="MuiCollapse-root MuiCollapse-hidden"
    style={
      Object {
        "minHeight": "0px",
      }
    }
  >
    <div
      className="MuiCollapse-wrapper"
    >
      <div
        className="MuiCollapse-wrapperInner"
      >
        <div
          role="region"
        >
          <div
            className="MuiAccordionDetails-root"
            style={
              Object {
                "flexDirection": "column",
              }
            }
          >
            <span
              className="MuiTypography-root makeStyles-details-2 MuiTypography-body1 MuiTypography-colorTextSecondary"
            />
            <hr
              className="MuiDivider-root makeStyles-divider-3"
            />
            <span
              className="MuiTypography-root MuiTypography-body1 MuiTypography-colorTextSecondary"
            >
              <strong
                style={
                  Object {
                    "color": "#66cbf9",
                    "fontSize": "14px",
                  }
                }
              >
                Sales
                :
              </strong>
               
              <br />
            </span>
          </div>
        </div>
      </div>
    </div>
  </div>
</div>
`;
